============================= test session starts =============================
platform win32 -- Python 3.9.6, pytest-8.4.2, pluggy-1.6.0
rootdir: C:\Users\amfua\Documents\GitHub\run_ai\run-with-ai\backend
configfile: pyproject.toml
plugins: anyio-4.12.1
collected 7 items

test_main.py .......                                                     [100%]

============================== 7 passed in 1.90s ==============================
